Analyzing gen...

warning - lib/boring/array_slice_ops.dart:34:72 - The '!' will have no effect because the receiver can't be null. Try removing the '!' operator. - unnecessary_non_null_assertion
warning - lib/boring/array_slice_ops.dart:35:43 - The '!' will have no effect because the receiver can't be null. Try removing the '!' operator. - unnecessary_non_null_assertion
warning - lib/boring/default_args_ops.dart:30:17 - The '!' will have no effect because the receiver can't be null. Try removing the '!' operator. - unnecessary_non_null_assertion
warning - lib/boring/default_args_ops.dart:57:30 - The '!' will have no effect because the receiver can't be null. Try removing the '!' operator. - unnecessary_non_null_assertion
warning - lib/boring/default_args_ops.dart:190:45 - The '!' will have no effect because the receiver can't be null. Try removing the '!' operator. - unnecessary_non_null_assertion
warning - lib/boring/deferred_locals_ops.dart:20:21 - The '!' will have no effect because the receiver can't be null. Try removing the '!' operator. - unnecessary_non_null_assertion
warning - lib/boring/exception_chain_probe.dart:8:39 - The '!' will have no effect because the receiver can't be null. Try removing the '!' operator. - unnecessary_non_null_assertion
warning - lib/boring/int_float_sign_ops.dart:28:9 - The value of the local variable 'arr_1' isn't used. Try removing the variable or using it. - unused_local_variable
warning - lib/boring/nil_context_ops.dart:12:42 - The '!' will have no effect because the receiver can't be null. Try removing the '!' operator. - unnecessary_non_null_assertion
warning - lib/boring/null_args_ops.dart:30:51 - The '!' will have no effect because the receiver can't be null. Try removing the '!' operator. - unnecessary_non_null_assertion
warning - lib/boring/numeric_widen_ops.dart:52:32 - The '!' will have no effect because the receiver can't be null. Try removing the '!' operator. - unnecessary_non_null_assertion
warning - lib/boring/pipeline_ops.dart:211:65 - The '!' will have no effect because the receiver can't be null. Try removing the '!' operator. - unnecessary_non_null_assertion
warning - lib/boring/pipeline_ops.dart:213:22 - The '!' will have no effect because the receiver can't be null. Try removing the '!' operator. - unnecessary_non_null_assertion
warning - lib/boring/platform_ops.dart:30:45 - The '!' will have no effect because the receiver can't be null. Try removing the '!' operator. - unnecessary_non_null_assertion
warning - lib/boring/platform_ops.dart:42:41 - The '!' will have no effect because the receiver can't be null. Try removing the '!' operator. - unnecessary_non_null_assertion
warning - lib/boring/platform_ops.dart:64:45 - The '!' will have no effect because the receiver can't be null. Try removing the '!' operator. - unnecessary_non_null_assertion
warning - lib/boring/private_static_call_holder.dart:14:85 - The '!' will have no effect because the receiver can't be null. Try removing the '!' operator. - unnecessary_non_null_assertion
warning - lib/boring/rust_coalesce_ops.dart:14:163 - The '!' will have no effect because the receiver can't be null. Try removing the '!' operator. - unnecessary_non_null_assertion
warning - lib/boring/rust_coalesce_ops.dart:14:212 - The '!' will have no effect because the receiver can't be null. Try removing the '!' operator. - unnecessary_non_null_assertion
warning - lib/boring/rust_coalesce_ops.dart:14:267 - The '!' will have no effect because the receiver can't be null. Try removing the '!' operator. - unnecessary_non_null_assertion
warning - lib/boring/rust_coalesce_ops.dart:14:312 - The '!' will have no effect because the receiver can't be null. Try removing the '!' operator. - unnecessary_non_null_assertion
warning - lib/boring/rust_coalesce_ops.dart:26:147 - The '!' will have no effect because the receiver can't be null. Try removing the '!' operator. - unnecessary_non_null_assertion
warning - lib/boring/static_state_ops.dart:26:41 - The '!' will have no effect because the receiver can't be null. Try removing the '!' operator. - unnecessary_non_null_assertion
warning - lib/boring/string_unit_ops.dart:22:29 - The '!' will have no effect because the receiver can't be null. Try removing the '!' operator. - unnecessary_non_null_assertion
warning - lib/boring/widget_assembly.dart:5:58 - The '!' will have no effect because the receiver can't be null. Try removing the '!' operator. - unnecessary_non_null_assertion
warning - lib/boring/widget_assembly.dart:9:52 - The '!' will have no effect because the receiver can't be null. Try removing the '!' operator. - unnecessary_non_null_assertion
warning - lib/boring/widget_cart.dart:11:58 - The '!' will have no effect because the receiver can't be null. Try removing the '!' operator. - unnecessary_non_null_assertion
warning - lib/boring/widget_kind.dart:12:76 - The '!' will have no effect because the receiver can't be null. Try removing the '!' operator. - unnecessary_non_null_assertion
warning - lib/boring/widget_kind.dart:12:111 - The '!' will have no effect because the receiver can't be null. Try removing the '!' operator. - unnecessary_non_null_assertion
warning - lib/registry/core.dart:231:87 - The '!' will have no effect because the receiver can't be null. Try removing the '!' operator. - unnecessary_non_null_assertion
warning - lib/registry/core.dart:238:11 - The '!' will have no effect because the receiver can't be null. Try removing the '!' operator. - unnecessary_non_null_assertion
warning - lib/registry/core.dart:371:38 - The '!' will have no effect because the receiver can't be null. Try removing the '!' operator. - unnecessary_non_null_assertion
warning - lib/registry/core.dart:386:38 - The '!' will have no effect because the receiver can't be null. Try removing the '!' operator. - unnecessary_non_null_assertion
warning - lib/registry/core.dart:388:214 - The '!' will have no effect because the receiver can't be null. Try removing the '!' operator. - unnecessary_non_null_assertion
warning - lib/registry/core.dart:424:41 - The '!' will have no effect because the receiver can't be null. Try removing the '!' operator. - unnecessary_non_null_assertion
warning - lib/registry/core.dart:437:42 - The '!' will have no effect because the receiver can't be null. Try removing the '!' operator. - unnecessary_non_null_assertion
warning - lib/registry/core.dart:475:42 - The '!' will have no effect because the receiver can't be null. Try removing the '!' operator. - unnecessary_non_null_assertion
warning - lib/registry/core.dart:574:38 - The '!' will have no effect because the receiver can't be null. Try removing the '!' operator. - unnecessary_non_null_assertion
warning - lib/registry/core.dart:575:40 - The '!' will have no effect because the receiver can't be null. Try removing the '!' operator. - unnecessary_non_null_assertion
warning - lib/registry/core.dart:576:41 - The '!' will have no effect because the receiver can't be null. Try removing the '!' operator. - unnecessary_non_null_assertion
warning - lib/registry/core.dart:580:39 - The '!' will have no effect because the receiver can't be null. Try removing the '!' operator. - unnecessary_non_null_assertion
warning - lib/registry/core.dart:581:43 - The '!' will have no effect because the receiver can't be null. Try removing the '!' operator. - unnecessary_non_null_assertion
warning - lib/registry/json.dart:298:47 - The '!' will have no effect because the receiver can't be null. Try removing the '!' operator. - unnecessary_non_null_assertion
warning - lib/registry/sha1.dart:88:17 - The '!' will have no effect because the receiver can't be null. Try removing the '!' operator. - unnecessary_non_null_assertion
warning - lib/registry/sha1.dart:91:17 - The '!' will have no effect because the receiver can't be null. Try removing the '!' operator. - unnecessary_non_null_assertion
warning - lib/registry/sha1.dart:100:22 - The '!' will have no effect because the receiver can't be null. Try removing the '!' operator. - unnecessary_non_null_assertion

46 issues found.
