reference/kotlin/gen/boring/ArraySliceOps.kt:42:23: warning: unnecessary safe call on a non-null receiver of type 'MutableList<Int>'.
        return (values?.let { _a -> val _n = _a.size; val _from = 0; val _start = if (_from < 0) maxOf(0, _n + _from) else minOf(_from, _n); val _to = 20; val _end = if (_to < 0) maxOf(0, _n + _to) else minOf(_to, _n); val _stop = if (_end < _start) _start else _end; _a.slice(_start until _stop) }?.joinToString(","))!!
                      ^^
reference/kotlin/gen/boring/ArraySliceOps.kt:58:330: warning: unnecessary non-null assertion (!!) on a non-null receiver of type 'MutableList<Int>'.
        val removed = run { val _a = values; val _p0 = pos; val _l = len; val _sz = _a.size; val _p = if (_p0 < 0) maxOf(_sz + _p0, 0) else _p0; if (_l < 0 || _p0 > _sz) _a.subList(0, 0).toMutableList() else { val _c = minOf(_l, _sz - _p); val _r = _a.subList(_p, _p + _c).toMutableList(); _a.subList(_p, _p + _c).clear(); _r } }!!
                                                                                                                                                                                                                                                                                                                                         ^^
reference/kotlin/gen/boring/ArraySliceOps.kt:59:56: warning: unnecessary safe call on a non-null receiver of type 'MutableList<Int>'.
        return removed.joinToString(",") + "|" + values?.joinToString(",")
                                                       ^^
reference/kotlin/gen/boring/DefaultArgShiftOps.kt:13:26: warning: unnecessary non-null assertion (!!) on a non-null receiver of type 'String'.
        return normalized!!
                         ^^
reference/kotlin/gen/boring/DefaultArgShiftOps.kt:27:48: warning: unnecessary non-null assertion (!!) on a non-null receiver of type 'Double'.
        return resolvedFallback + resolvedValue!!
                                               ^^
reference/kotlin/gen/boring/DefaultArgShiftOps.kt:79:26: warning: unnecessary non-null assertion (!!) on a non-null receiver of type 'String'.
        return normalized!!
                         ^^
reference/kotlin/gen/boring/DefaultArgsOps.kt:31:17: warning: unnecessary non-null assertion (!!) on a non-null receiver of type 'String'.
        return v!!
                ^^
reference/kotlin/gen/boring/DefaultArgsOps.kt:37:17: warning: unnecessary non-null assertion (!!) on a non-null receiver of type 'String'.
        return w!!
                ^^
reference/kotlin/gen/boring/DefaultArgsOps.kt:70:30: warning: unnecessary non-null assertion (!!) on a non-null receiver of type 'Double'.
            return normalized!!
                             ^^
reference/kotlin/gen/boring/DefaultArgsOps.kt:187:30: warning: unnecessary non-null assertion (!!) on a non-null receiver of type 'String'.
            return normalized!!
                             ^^
reference/kotlin/gen/boring/DefaultArgsOps.kt:197:30: warning: unnecessary non-null assertion (!!) on a non-null receiver of type 'Int'.
            return normalized!!
                             ^^
reference/kotlin/gen/boring/DefaultArgsOps.kt:202:30: warning: unnecessary non-null assertion (!!) on a non-null receiver of type 'String'.
            return normalized!!
                             ^^
reference/kotlin/gen/boring/DefaultArgsOps.kt:207:25: warning: unnecessary non-null assertion (!!) on a non-null receiver of type 'String'.
            return value!!
                        ^^
reference/kotlin/gen/boring/DefaultArgsOps.kt:212:30: warning: unnecessary non-null assertion (!!) on a non-null receiver of type 'SortedSetTable<Int>'.
            return normalized!!
                             ^^
reference/kotlin/gen/boring/DefaultArgsOps.kt:221:26: warning: unnecessary non-null assertion (!!) on a non-null receiver of type 'Int'.
            return result!!
                         ^^
reference/kotlin/gen/boring/DefaultArgsOps.kt:226:38: warning: unnecessary non-null assertion (!!) on a non-null receiver of type 'Int'.
            return value + normalized!!
                                     ^^
reference/kotlin/gen/boring/DefaultArgsOps.kt:236:30: warning: unnecessary non-null assertion (!!) on a non-null receiver of type 'String'.
            return normalized!!
                             ^^
reference/kotlin/gen/boring/DefaultArgsOps.kt:250:52: warning: unnecessary non-null assertion (!!) on a non-null receiver of type 'Double'.
            return resolvedFallback + resolvedValue!!
                                                   ^^
reference/kotlin/gen/boring/DefaultArgsOps.kt:301:17: warning: unnecessary non-null assertion (!!) on a non-null receiver of type 'Int'.
        return v!! + w!!
                ^^
reference/kotlin/gen/boring/DefaultArgsOps.kt:301:23: warning: unnecessary non-null assertion (!!) on a non-null receiver of type 'Int'.
        return v!! + w!!
                      ^^
reference/kotlin/gen/boring/IntFloatSignOps.kt:18:14: warning: condition is always 'false'.
        if ((c == null)) {
             ^^^^^^^^^
reference/kotlin/gen/boring/KnullInitNarrowing.kt:6:29: warning: unnecessary non-null assertion (!!) on a non-null receiver of type 'Int'.
        return bound!!.value!!
                            ^^
reference/kotlin/gen/boring/KnullInitNarrowing.kt:11:29: warning: unnecessary non-null assertion (!!) on a non-null receiver of type 'Int'.
        return bound!!.value!!
                            ^^
reference/kotlin/gen/boring/KnullInitNarrowing.kt:16:28: warning: unnecessary non-null assertion (!!) on a non-null receiver of type 'String'.
        return bound!!.name!!
                           ^^
reference/kotlin/gen/boring/NullArgsOps.kt:11:47: warning: unnecessary non-null assertion (!!) on a non-null receiver of type 'String'.
        return NullArgsSpan("a", "none").extra!!
                                              ^^
reference/kotlin/gen/boring/NullArgsOps.kt:15:54: warning: unnecessary non-null assertion (!!) on a non-null receiver of type 'String'.
        return NullArgsSpan("a", (v ?: "none")).extra!!
                                                     ^^
reference/kotlin/gen/boring/NullArgsOps.kt:19:68: warning: elvis operator (?:) always returns the left operand of non-nullable type 'String'.
        return NullArgsSpan("a", ((if ((v == null)) "none" else v) ?: "none")).extra!!
                                                                   ^^^^^^^^^
reference/kotlin/gen/boring/NullArgsOps.kt:19:85: warning: unnecessary non-null assertion (!!) on a non-null receiver of type 'String'.
        return NullArgsSpan("a", ((if ((v == null)) "none" else v) ?: "none")).extra!!
                                                                                    ^^
reference/kotlin/gen/boring/NullabilityOps.kt:13:92: warning: redundant call of conversion method.
        val value = (((if ((values[index] == null)) (0).toDouble() else values[index]))!!).toDouble()
                                                                                           ^^^^^^^^^^
reference/kotlin/gen/boring/NullableFieldRecord.kt:18:340: warning: unnecessary non-null assertion (!!) on a non-null receiver of type 'MutableList<String>'.
        return "NullableFieldRecord(" + "name=" + this.name + ", " + "code=" + this.code + ", " + "label=" + this.label + ", " + "words=" + ((if ((this.words == null)) "null" else run { val sb = StringBuilder(); sb.append('['); val n = (this.words)!!.size; var i = 0; while (i < n) { if (i > 0) { sb.append(", "); }; sb.append((this.words)!![i]); i += 1; }; sb.append(']'); sb.toString() })) + ")"
                                                                                                                                                                                                                                                                                                                                                   ^^
reference/kotlin/gen/boring/PipelineOps.kt:210:77: warning: unnecessary non-null assertion (!!) on a non-null receiver of type 'MutableList<String>'.
                    pipeline_builder.put(pipeline_entry.key, pipeline_bucket!!)
                                                                            ^^
reference/kotlin/gen/boring/SumOfFloatLocalOps.kt:6:44: warning: redundant call of conversion method.
    return values.sumOf { value -> (value).toDouble() }
                                           ^^^^^^^^^^
reference/kotlin/gen/boring/SumOfFloatLocalOps.kt:13:53: warning: redundant call of conversion method.
    return values.sumOf { value -> (value * weight).toDouble() }
                                                    ^^^^^^^^^^
reference/kotlin/gen/boring/ValueTypeConsumer.kt:39:22: warning: condition is always 'false'.
        return (if ((indent == null)) -1.0 else 2.0)
                     ^^^^^^^^^^^^^^
reference/kotlin/gen/registry/Core.kt:218:100: warning: unnecessary non-null assertion (!!) on a non-null receiver of type 'Release'.
            if ((!Semver.isPrerelease(r.version) && (b == null || Core.compareVersions(r.version, b!!.version) > 0))) {
                                                                                                   ^^
reference/kotlin/gen/registry/Core.kt:225:17: warning: unnecessary non-null assertion (!!) on a non-null receiver of type 'Release'.
        return b!!.version!!
                ^^
reference/kotlin/gen/registry/Core.kt:225:27: warning: unnecessary non-null assertion (!!) on a non-null receiver of type 'String'.
        return b!!.version!!
                          ^^
reference/kotlin/gen/registry/Json.kt:258:40: warning: unnecessary non-null assertion (!!) on a non-null receiver of type 'Int'.
                        out += (if ((e)!! > 0xFFFF) String(Character.toChars((e)!!)) else (((e)!!).toChar()).toString())
                                       ^^
reference/kotlin/gen/registry/Json.kt:258:81: warning: unnecessary non-null assertion (!!) on a non-null receiver of type 'Int'.
                        out += (if ((e)!! > 0xFFFF) String(Character.toChars((e)!!)) else (((e)!!).toChar()).toString())
                                                                                ^^
reference/kotlin/gen/registry/Json.kt:258:96: warning: unnecessary non-null assertion (!!) on a non-null receiver of type 'Int'.
                        out += (if ((e)!! > 0xFFFF) String(Character.toChars((e)!!)) else (((e)!!).toChar()).toString())
                                                                                               ^^
reference/kotlin/gen/registry/Json.kt:296:77: warning: unnecessary non-null assertion (!!) on a non-null receiver of type 'Int'.
                    out += (if ((c)!! > 0xFFFF) String(Character.toChars((c)!!)) else (((c)!!).toChar()).toString())
                                                                            ^^
reference/kotlin/gen/registry/Json.kt:296:92: warning: unnecessary non-null assertion (!!) on a non-null receiver of type 'Int'.
                    out += (if ((c)!! > 0xFFFF) String(Character.toChars((c)!!)) else (((c)!!).toChar()).toString())
                                                                                           ^^
reference/kotlin/gen/registry/Semver.kt:37:31: warning: unnecessary non-null assertion (!!) on a non-null receiver of type 'Int'.
            if ((c!! < 48 || c!! > 57)) {
                              ^^
reference/kotlin/gen/registry/Semver.kt:50:34: warning: unnecessary non-null assertion (!!) on a non-null receiver of type 'Int'.
            if ((!(c!! >= 48 && c!! <= 57 || c!! >= 65 && c!! <= 90 || c!! >= 97 && c!! <= 122 || c == 45))) {
                                 ^^
reference/kotlin/gen/registry/Semver.kt:50:47: warning: unnecessary non-null assertion (!!) on a non-null receiver of type 'Int'.
            if ((!(c!! >= 48 && c!! <= 57 || c!! >= 65 && c!! <= 90 || c!! >= 97 && c!! <= 122 || c == 45))) {
                                              ^^
reference/kotlin/gen/registry/Semver.kt:50:60: warning: unnecessary non-null assertion (!!) on a non-null receiver of type 'Int'.
            if ((!(c!! >= 48 && c!! <= 57 || c!! >= 65 && c!! <= 90 || c!! >= 97 && c!! <= 122 || c == 45))) {
                                                           ^^
reference/kotlin/gen/registry/Semver.kt:50:73: warning: unnecessary non-null assertion (!!) on a non-null receiver of type 'Int'.
            if ((!(c!! >= 48 && c!! <= 57 || c!! >= 65 && c!! <= 90 || c!! >= 97 && c!! <= 122 || c == 45))) {
                                                                        ^^
reference/kotlin/gen/registry/Semver.kt:50:86: warning: unnecessary non-null assertion (!!) on a non-null receiver of type 'Int'.
            if ((!(c!! >= 48 && c!! <= 57 || c!! >= 65 && c!! <= 90 || c!! >= 97 && c!! <= 122 || c == 45))) {
                                                                                     ^^
reference/kotlin/gen/registry/Sha1.kt:90:27: warning: elvis operator (?:) always returns the left operand of non-nullable type 'Int'.
                out.add(c ?: throw IllegalArgumentException("argument is null"))
                          ^^^^^^^^^^^^^^^^^^^^^^^^^^^^^^^^^^^^^^^^^^^^^^^^^^^^^
reference/kotlin/gen/registry/Sha1.kt:92:23: warning: unnecessary non-null assertion (!!) on a non-null receiver of type 'Int'.
                if ((c!! < 2048)) {
                      ^^
reference/kotlin/gen/registry/Sha1.kt:93:43: warning: unnecessary non-null assertion (!!) on a non-null receiver of type 'Int'.
                    out.add(((192) or (((c!!) shr (6)))))
                                          ^^
reference/kotlin/gen/registry/Sha1.kt:94:44: warning: unnecessary non-null assertion (!!) on a non-null receiver of type 'Int'.
                    out.add(((128) or ((((c!!) and (63))))))
                                           ^^
reference/kotlin/gen/registry/Sha1.kt:96:27: warning: unnecessary non-null assertion (!!) on a non-null receiver of type 'Int'.
                    if ((c!! >= 55296 && c!! <= 56319 && i < text.length)) {
                          ^^
reference/kotlin/gen/registry/Sha1.kt:96:43: warning: unnecessary non-null assertion (!!) on a non-null receiver of type 'Int'.
                    if ((c!! >= 55296 && c!! <= 56319 && i < text.length)) {
                                          ^^
reference/kotlin/gen/registry/Sha1.kt:99:48: warning: unnecessary non-null assertion (!!) on a non-null receiver of type 'Int'.
                        val code = 65536 + (((c!! - 55296) shl (10))) + (c2!! - 56320)
                                               ^^
reference/kotlin/gen/registry/Sha1.kt:105:47: warning: unnecessary non-null assertion (!!) on a non-null receiver of type 'Int'.
                        out.add(((224) or (((c!!) shr (12)))))
                                              ^^
reference/kotlin/gen/registry/Sha1.kt:106:50: warning: unnecessary non-null assertion (!!) on a non-null receiver of type 'Int'.
                        out.add(((128) or ((((((c!!) shr (6))) and (63))))))
                                                 ^^
reference/kotlin/gen/registry/Sha1.kt:107:48: warning: unnecessary non-null assertion (!!) on a non-null receiver of type 'Int'.
                        out.add(((128) or ((((c!!) and (63))))))
                                               ^^
reference/kotlin/gen/runtime/StringTools.kt:9:28: warning: unnecessary non-null assertion (!!) on a non-null receiver of type 'Int'.
        return c!! > 8 && c!! < 14 || c == 32
                           ^^
