warning: Git tree '/home/losses/Development/tq-workspace/dc-warn/worktrees/param-identity' is dirty
[dbg] Setup.run registered global build
[dbg] build call 1 module=ProbeMain pack=[] name=ProbeMain
[dbg] build call 12 module=revp3.Trigger pack=[revp3] name=Trigger
== P1. compiled-class Ref/ClassType stability (Point) ==
ref1 == ref2 (pointer)        : false
ref1.get() == ref2.get() (cls): false

== P2. compiled Generic parameter stability ==
gRef1 == gRef2 (pointer)      : false
gRef1.get() == gRef2.get()    : false
tG1 == tG2 (object)           : false
ref(tG1) == ref(tG2) (Ref)    : false

== P3. field type vs params[0].t within one compiled ClassType ==
value field type == tG1 (object) : false
ref(value field) == ref(tG1)      : false
applyTypeParameters(T, [tG1]) == tG1 (object) : false
ref(subbed) == ref(tG1)                    : false

== P4. Boxed: nested Pair dedup within one Builder (compiled) ==
field child shape=NullableShape(RecordShape(SourceRecordNode))
field pair shape=RecordShape(SourceRecordNode)
nested Pair nodes same (dedup ok)   : false
childNode state=Complete fields=1
pairNode  state=Complete fields=1

== P5. Boxed with maxRecordNodes=2 (public limit) ==
plan(limited): FAILED at child : child.s: unsupported resolved source shape
field child nested state=Complete
field pair nested state=AnalysisUnresolved(comparison graph exceeded the requested analysis work limit)

== P6. control: Boxed with concrete Int argument (no parameter branch) ==
concrete: nested Pair nodes same (dedup) : true
concrete plan READY, fields: child,pair
compiled probe main reached, trigger=true
exit=0
