warning: Git tree '/home/losses/Development/tq-workspace/dc-warn/worktrees/param-identity' is dirty
== A. declarationReference twice for the same class (Point) ==
ref1 == ref2 (pointer)       : false
ref1.get() == ref2.get() (ClassType): false

== A2. parameter-object stability across fresh declaration References (Generic) ==
gRef1 == gRef2 (pointer)     : false
gRef1.get() == gRef2.get()   : false
tG1 == tG2 (same Type object): false
ref(tG1) == ref(tG2) (Ref)   : false

== B. analyzeRecord dedup across two fresh Refs (Point) ==
nodeA == nodeB (pointer)     : false
nodeA fields                 : 2
nodeB fields                 : 2
plan(nodeA) ready            : true
plan(nodeB) ready            : true

== C. Generic plan with stored parameter argument (one Builder) ==
NOT ready: ComparisonPlanFailed(value,unsupported resolved source shape,TInst(revp2.Generic.T,[]))

== C2. what applyTypeParameters produces for the real 'pair' field type ==
pair  field (Pair<T>) => Pair<...> args=1
    arg == tG (identity)        : false
    ref(arg) == ref(tG) (Ref)   : false
    arg key == tG key           : true
child field (Null<Pair<T>>) => TAbstract Null args=1
child field (Null<Pair<T>>).inner => Pair<...> args=1
    arg == tG (identity)        : false
    ref(arg) == ref(tG) (Ref)   : false
    arg key == tG key           : true

== D. Wrapper (nested non-generic record) ==
ready, fields: point,tag

== E. recursive Loop with two fresh Refs ==
loopA == loopB (pointer)     : false
plan(loopA) ready, fields: next,name complete=true

== F. admitDeclaration (real paths) ==
admit Generic<Int>  OptionalEquality : SourceAdmissionAdmitted({declaration: RecordDeclaration(revp2.Generic), requiredSlots: [0], visitedDeclaration
admit Generic<> binder SortedKey     : SourceAdmissionAdmitted({declaration: RecordDeclaration(revp2.Generic), requiredSlots: [0], visitedDeclaration
admit Generic<> binder OptionalEq    : SourceAdmissionRejected(ParameterWithoutEqualityEvidence(0),{declaration: RecordDeclaration(revp2.Generic), cy
admit Loop (recursive) SortedKey     : SourceAdmissionAdmitted({declaration: RecordDeclaration(revp2.Loop), requiredSlots: [], visitedDeclarations: 1

== G. schema path (analyzeRecordSchema + comparisonPlan) ==
schema SortedKey: value:ParameterOrder(0), child:NullBeforePresent(RecordOr, pair:RecordOrder(SourceRecordCo
schema node fresh-Ref reuse (same Builder? no, fresh) : false

== H. sameTypeParameter reachability facts ==
h1: tG1 == tG2 identical object          : false  (A2)
h2: pair-field substituted arg identity  : see C2 (arg == tG1 ?)
h3: nested Pair dedup in one Builder     : see C (same node ?)
h4: conclusion basis: if C2 shows identical objects, sameType
    short-circuits on left==right before the parameter branch, so
    sameTypeParameter is only reached with the SAME Ref (true) or,
    if objects differ with fresh Refs, returns false (node dup).
ProbeMain.hx:2: call-site probe done
exit=0
