   Compiling generated v0.1.0 (/home/losses/Development/tq-workspace/dc-warn/out/xs-archive/scratch/gen-as-reviewed-1790806750274936451/xs-crossmod)
warning: unused import: `DerefMut`
  --> runtime/u_string.rs:13:23
   |
13 | use std::ops::{Deref, DerefMut};
   |                       ^^^^^^^^
   |
   = note: `#[warn(unused_imports)]` (part of `#[warn(unused)]`) on by default

error[E0277]: `?` couldn't convert the error to `F2Fault`
  --> xsxm/cross_probe.rs:88:73
   |
88 |             return Ok(CrossProbe::cross_probe_throw_e1(UStr::new(&[97]))?);
   |                       --------------------------------------------------^ the trait `From<F1Fault>` is not implemented for `F2Fault`
   |                       |
   |                       this can't be annotated with `?` because it has type `Result<_, F1Fault>`
   |
note: `F2Fault` needs to implement `From<F1Fault>`
  --> xsxm/cross_probe.rs:38:1
   |
38 | pub enum F2Fault {
   | ^^^^^^^^^^^^^^^^
   = note: the question mark operation (`?`) implicitly performs a conversion on the error value using the `From` trait

error[E0609]: no field `fault` on type `F2Fault`
  --> xsxm/cross_probe.rs:94:68
   |
94 |                     return Err(F2Fault::E1Fault(Box::new(E1::new(e.fault))));
   |                                                                    ^^^^^ unknown field

warning: unused variable: `e2`
   --> xsxm/cross_probe.rs:117:25
    |
117 |                     Err(e2) => 6,
    |                         ^^ help: if this is intentional, prefix it with an underscore: `_e2`
    |
    = note: `#[warn(unused_variables)]` (part of `#[warn(unused)]`) on by default

Some errors have detailed explanations: E0277, E0609.
For more information about an error, try `rustc --explain E0277`.
warning: `generated` (lib) generated 2 warnings
error: could not compile `generated` (lib) due to 2 previous errors; 2 warnings emitted
