/home/losses/Development/tq-workspace/dc-warn/out/p08-behaviour-review/evidence/gen-gap/gap/Gap.swift:42:24: error: cannot convert value of type 'TiqianArray<Int32>' to closure result type 'ReadOnlyArray<Int32>'
 40 |     switch choice {
 41 |         case .one:
 42 |             return Gap.sourceFirst()
    |                        `- error: cannot convert value of type 'TiqianArray<Int32>' to closure result type 'ReadOnlyArray<Int32>'
 43 |         case .two:
 44 |             return Gap.sourceSecond()

/home/losses/Development/tq-workspace/dc-warn/out/p08-behaviour-review/evidence/gen-gap/gap/Gap.swift:56:24: error: cannot assign value of type 'TiqianArray<Int32>' to type 'ReadOnlyArray<Int32>'
 54 |                 throw GapException(GapFault.only(tag: "boom"))
 55 |             }
 56 |             view = Gap.sourceFirst()
    |                        `- error: cannot assign value of type 'TiqianArray<Int32>' to type 'ReadOnlyArray<Int32>'
 57 |         } catch is GapException {
 58 |             view = Gap.sourceSecond()

/home/losses/Development/tq-workspace/dc-warn/out/p08-behaviour-review/evidence/gen-gap/gap/Gap.swift:58:24: error: cannot assign value of type 'TiqianArray<Int32>' to type 'ReadOnlyArray<Int32>'
 56 |             view = Gap.sourceFirst()
 57 |         } catch is GapException {
 58 |             view = Gap.sourceSecond()
    |                        `- error: cannot assign value of type 'TiqianArray<Int32>' to type 'ReadOnlyArray<Int32>'
 59 |         } catch {
 60 |             throw error

/home/losses/Development/tq-workspace/dc-warn/out/p08-behaviour-review/evidence/gen-gap/gap/Gap.swift:68:28: error: cannot convert return expression of type 'TiqianArray<Int32>' to return type 'ReadOnlyArray<Int32>'
 66 |         switch choice {
 67 |             case .one:
 68 |                 return Gap.sourceFirst()
    |                            `- error: cannot convert return expression of type 'TiqianArray<Int32>' to return type 'ReadOnlyArray<Int32>'
 69 |             case .two:
 70 |                 return Gap.sourceSecond()

/home/losses/Development/tq-workspace/dc-warn/out/p08-behaviour-review/evidence/gen-gap/gap/Gap.swift:70:28: error: cannot convert return expression of type 'TiqianArray<Int32>' to return type 'ReadOnlyArray<Int32>'
 68 |                 return Gap.sourceFirst()
 69 |             case .two:
 70 |                 return Gap.sourceSecond()
    |                            `- error: cannot convert return expression of type 'TiqianArray<Int32>' to return type 'ReadOnlyArray<Int32>'
 71 |         }
 72 |     }

/home/losses/Development/tq-workspace/dc-warn/out/p08-behaviour-review/evidence/gen-gap/gap/Gap.swift:79:24: error: cannot convert return expression of type 'TiqianArray<Int32>' to return type 'ReadOnlyArray<Int32>'
 77 |         switch choice {
 78 |             case .one:
 79 |                 return values
    |                        `- error: cannot convert return expression of type 'TiqianArray<Int32>' to return type 'ReadOnlyArray<Int32>'
 80 |             case .two:
 81 |                 return values

/home/losses/Development/tq-workspace/dc-warn/out/p08-behaviour-review/evidence/gen-gap/gap/Gap.swift:81:24: error: cannot convert return expression of type 'TiqianArray<Int32>' to return type 'ReadOnlyArray<Int32>'
 79 |                 return values
 80 |             case .two:
 81 |                 return values
    |                        `- error: cannot convert return expression of type 'TiqianArray<Int32>' to return type 'ReadOnlyArray<Int32>'
 82 |         }
 83 |     }

/home/losses/Development/tq-workspace/dc-warn/out/p08-behaviour-review/evidence/gen-gap/gap/Gap.swift:93:24: error: cannot convert value of type 'TiqianArray<Int32>' to closure result type 'ReadOnlyArray<Int32>'
 91 |     switch choice {
 92 |         case .one:
 93 |             return Gap.sourceFirst()
    |                        `- error: cannot convert value of type 'TiqianArray<Int32>' to closure result type 'ReadOnlyArray<Int32>'
 94 |         case .two:
 95 |             return Gap.sourceSecond()

/home/losses/Development/tq-workspace/dc-warn/out/p08-behaviour-review/evidence/gen-gap/gap/Gap.swift:113:17: warning: result of 'ReadOnlyArray<Element>' initializer is unused [#no-usage]
111 |         switch choice {
112 |             case .one:
113 |                 ReadOnlyArray(Gap.sourceFirst())
    |                 `- warning: result of 'ReadOnlyArray<Element>' initializer is unused [#no-usage]
114 |             case .two:
115 |                 ReadOnlyArray(Gap.sourceSecond())

/home/losses/Development/tq-workspace/dc-warn/out/p08-behaviour-review/evidence/gen-gap/gap/Gap.swift:115:17: warning: result of 'ReadOnlyArray<Element>' initializer is unused [#no-usage]
113 |                 ReadOnlyArray(Gap.sourceFirst())
114 |             case .two:
115 |                 ReadOnlyArray(Gap.sourceSecond())
    |                 `- warning: result of 'ReadOnlyArray<Element>' initializer is unused [#no-usage]
116 |         }
117 |         return ReadOnlyArray(Gap.sourceFirst())

/home/losses/Development/tq-workspace/dc-warn/out/p08-behaviour-review/evidence/gen-gap/gap/Gap.swift:129:24: error: cannot convert return expression of type 'TiqianArray<Int32>' to return type 'ReadOnlyArray<Int32>'
127 |                 throw GapException(GapFault.only(tag: "x"))
128 |             }
129 |             return Gap.sourceFirst()
    |                        `- error: cannot convert return expression of type 'TiqianArray<Int32>' to return type 'ReadOnlyArray<Int32>'
130 |         } catch is GapException {
131 |             return Gap.sourceSecond()

/home/losses/Development/tq-workspace/dc-warn/out/p08-behaviour-review/evidence/gen-gap/gap/Gap.swift:131:24: error: cannot convert return expression of type 'TiqianArray<Int32>' to return type 'ReadOnlyArray<Int32>'
129 |             return Gap.sourceFirst()
130 |         } catch is GapException {
131 |             return Gap.sourceSecond()
    |                        `- error: cannot convert return expression of type 'TiqianArray<Int32>' to return type 'ReadOnlyArray<Int32>'
132 |         } catch {
133 |             throw error

/home/losses/Development/tq-workspace/dc-warn/out/p08-behaviour-review/evidence/gen-gap/gap/Gap.swift:140:37: error: cannot assign value of type 'TiqianArray<Int32>' to type 'ReadOnlyArray<Int32>'
138 |         switch choice {
139 |             case .one:
140 |                 GapPaths.slot = Gap.sourceFirst()
    |                                     `- error: cannot assign value of type 'TiqianArray<Int32>' to type 'ReadOnlyArray<Int32>'
141 |             case .two:
142 |                 GapPaths.slot = Gap.sourceSecond()

/home/losses/Development/tq-workspace/dc-warn/out/p08-behaviour-review/evidence/gen-gap/gap/Gap.swift:142:37: error: cannot assign value of type 'TiqianArray<Int32>' to type 'ReadOnlyArray<Int32>'
140 |                 GapPaths.slot = Gap.sourceFirst()
141 |             case .two:
142 |                 GapPaths.slot = Gap.sourceSecond()
    |                                     `- error: cannot assign value of type 'TiqianArray<Int32>' to type 'ReadOnlyArray<Int32>'
143 |         }
144 |         return Int32(GapPaths.slot.count)
