/home/losses/Development/tq-workspace/dc-warn/out/xs-fixture-archive/compiler-states/as-reviewed/Compiler.hx: OK
/home/losses/Development/tq-workspace/dc-warn/out/xs-fixture-archive/compiler-states/as-reviewed/RustDecl.hx: OK
/home/losses/Development/tq-workspace/dc-warn/out/xs-fixture-archive/compiler-states/as-reviewed/RustEmissionState.hx: OK
/home/losses/Development/tq-workspace/dc-warn/out/xs-fixture-archive/compiler-states/as-reviewed/RustExpr.hx: OK
/home/losses/Development/tq-workspace/dc-warn/out/xs-fixture-archive/compiler-states/frozen-57ee4997/Compiler.hx: OK
/home/losses/Development/tq-workspace/dc-warn/out/xs-fixture-archive/compiler-states/frozen-57ee4997/RustDecl.hx: OK
/home/losses/Development/tq-workspace/dc-warn/out/xs-fixture-archive/compiler-states/frozen-57ee4997/RustEmissionState.hx: OK
/home/losses/Development/tq-workspace/dc-warn/out/xs-fixture-archive/compiler-states/frozen-57ee4997/RustExpr.hx: OK
/home/losses/Development/tq-workspace/dc-warn/out/xs-fixture-archive/drivers/run-matrix.sh: OK
/home/losses/Development/tq-workspace/dc-warn/out/xs-fixture-archive/drivers/run-three-state.sh: OK
/home/losses/Development/tq-workspace/dc-warn/out/xs-fixture-archive/evidence/01-restore-check-pristine.log: OK
/home/losses/Development/tq-workspace/dc-warn/out/xs-fixture-archive/evidence/02-restore-run1.log: OK
/home/losses/Development/tq-workspace/dc-warn/out/xs-fixture-archive/evidence/03-restore-run2-idempotent.log: OK
/home/losses/Development/tq-workspace/dc-warn/out/xs-fixture-archive/evidence/fixture-provenance.tsv: OK
/home/losses/Development/tq-workspace/dc-warn/out/xs-fixture-archive/EXPECTED-READINGS.md: OK
/home/losses/Development/tq-workspace/dc-warn/out/xs-fixture-archive/README.md: OK
/home/losses/Development/tq-workspace/dc-warn/out/xs-fixture-archive/REPORT.md: OK
/home/losses/Development/tq-workspace/dc-warn/out/xs-fixture-archive/RESTORE.sh: OK
/home/losses/Development/tq-workspace/dc-warn/out/xs-fixture-archive/RESTORE.sha256: OK
/home/losses/Development/tq-workspace/dc-warn/out/xs-fixture-archive/xs-crossmod/gen/rust.hxml: OK
/home/losses/Development/tq-workspace/dc-warn/out/xs-fixture-archive/xs-crossmod/README.md: OK
/home/losses/Development/tq-workspace/dc-warn/out/xs-fixture-archive/xs-crossmod/xsxm/CrossProbe.hx: OK
/home/losses/Development/tq-workspace/dc-warn/out/xs-fixture-archive/xs-crossmod/xsxm/Faults1.hx: OK
/home/losses/Development/tq-workspace/dc-warn/out/xs-fixture-archive/xs-crossmod/xsxm/Faults2.hx: OK
/home/losses/Development/tq-workspace/dc-warn/out/xs-fixture-archive/xs-deadcoll/gen/rust.hxml: OK
/home/losses/Development/tq-workspace/dc-warn/out/xs-fixture-archive/xs-deadcoll/xcheckscope/DeadCollProbe.hx: OK
/home/losses/Development/tq-workspace/dc-warn/out/xs-fixture-archive/xs-dead/gen/rust.hxml: OK
/home/losses/Development/tq-workspace/dc-warn/out/xs-fixture-archive/xs-dead/xcheckscope/DeadProbe.hx: OK
/home/losses/Development/tq-workspace/dc-warn/out/xs-fixture-archive/xs-generic/gen/rust.hxml: OK
/home/losses/Development/tq-workspace/dc-warn/out/xs-fixture-archive/xs-generic/xcheckscope/GenProbe.hx: OK
/home/losses/Development/tq-workspace/dc-warn/out/xs-fixture-archive/xs-growth/gen/rust.hxml: OK
/home/losses/Development/tq-workspace/dc-warn/out/xs-fixture-archive/xs-growth/xcheckscope/GrowthProbe.hx: OK
/home/losses/Development/tq-workspace/dc-warn/out/xs-fixture-archive/xs-samples/gen/rust.hxml: OK
/home/losses/Development/tq-workspace/dc-warn/out/xs-fixture-archive/xs-scope/expected.txt: OK
/home/losses/Development/tq-workspace/dc-warn/out/xs-fixture-archive/xs-scope/gen/rust.hxml: OK
/home/losses/Development/tq-workspace/dc-warn/out/xs-fixture-archive/xs-scope/xcheckscope/ScopeProbe.hx: OK
/home/losses/Development/tq-workspace/dc-warn/out/xs-fixture-archive/xs-testmod/gen/rust.hxml: OK
/home/losses/Development/tq-workspace/dc-warn/out/xs-fixture-archive/xs-testmod/xcheckscope/ProdRethrowTests.hx: OK
/home/losses/Development/tq-workspace/dc-warn/out/xs-fixture-archive/xs-twoexc-faultnames/gen/rust.hxml: OK
/home/losses/Development/tq-workspace/dc-warn/out/xs-fixture-archive/xs-twoexc-faultnames/xcheckscope/TwoProbe.hx: OK
/home/losses/Development/tq-workspace/dc-warn/out/xs-fixture-archive/xs-twoexc/gen/rust.hxml: OK
/home/losses/Development/tq-workspace/dc-warn/out/xs-fixture-archive/xs-twoexc-swapped/gen/rust.hxml: OK
/home/losses/Development/tq-workspace/dc-warn/out/xs-fixture-archive/xs-twoexc-swapped/xcheckscope/TwoProbe.hx: OK
/home/losses/Development/tq-workspace/dc-warn/out/xs-fixture-archive/xs-twoexc/xcheckscope/TwoProbe.hx: OK
/home/losses/Development/tq-workspace/dc-warn/out/xs-fixture-archive/xs-xmod/gen/rust.hxml: OK
/home/losses/Development/tq-workspace/dc-warn/out/xs-fixture-archive/xs-xmod/otherpkg/ModEx.hx: OK
/home/losses/Development/tq-workspace/dc-warn/out/xs-fixture-archive/xs-xmod/otherpkg/ModOps.hx: OK
/home/losses/Development/tq-workspace/dc-warn/out/xs-fixture-archive/xs-xmod/xcheckscope/XModProbe.hx: OK
/home/losses/Development/tq-workspace/dc-warn/out/xs-fixture-archive/xt-classemit/classemit/ClassEmitProbe.hx: OK
/home/losses/Development/tq-workspace/dc-warn/out/xs-fixture-archive/xt-classemit/gen/rust.hxml: OK
/home/losses/Development/tq-workspace/dc-warn/out/xs-fixture-archive/xt-oneexc-nofault/gen/rust.hxml: OK
/home/losses/Development/tq-workspace/dc-warn/out/xs-fixture-archive/xt-oneexc-nofault/onefaultscope/OneFaultProbe.hx: OK
/home/losses/Development/tq-workspace/dc-warn/out/xs-fixture-archive/xt-twoexc-emit/gen/rust.hxml: OK
/home/losses/Development/tq-workspace/dc-warn/out/xs-fixture-archive/xt-twoexc-emit-rev/gen/rust.hxml: OK
/home/losses/Development/tq-workspace/dc-warn/out/xs-fixture-archive/xt-twoexc-emit-rev/twoemitrevscope/TwoEmitProbeRev.hx: OK
/home/losses/Development/tq-workspace/dc-warn/out/xs-fixture-archive/xt-twoexc-emit/twoemitscope/TwoEmitProbe.hx: OK
