xs-deadcoll/gen/rust.hxml: OK
xs-deadcoll/xcheckscope/DeadCollProbe.hx: OK
xs-dead/gen/rust.hxml: OK
xs-dead/xcheckscope/DeadProbe.hx: OK
xs-generic/gen/rust.hxml: OK
xs-generic/xcheckscope/GenProbe.hx: OK
xs-growth/gen/rust.hxml: OK
xs-growth/xcheckscope/GrowthProbe.hx: OK
xs-samples/gen/rust.hxml: OK
xs-scope/expected.txt: OK
xs-scope/gen/rust.hxml: OK
xs-scope/xcheckscope/ScopeProbe.hx: OK
xs-testmod/gen/rust.hxml: OK
xs-testmod/xcheckscope/ProdRethrowTests.hx: OK
xs-twoexc-faultnames/gen/rust.hxml: OK
xs-twoexc-faultnames/xcheckscope/TwoProbe.hx: OK
xs-twoexc/gen/rust.hxml: OK
xs-twoexc-swapped/gen/rust.hxml: OK
xs-twoexc-swapped/xcheckscope/TwoProbe.hx: OK
xs-twoexc/xcheckscope/TwoProbe.hx: OK
xs-xmod/gen/rust.hxml: OK
xs-xmod/otherpkg/ModEx.hx: OK
xs-xmod/otherpkg/ModOps.hx: OK
xs-xmod/xcheckscope/XModProbe.hx: OK
xs-crossmod/README.md: OK
xs-crossmod/gen/rust.hxml: OK
xs-crossmod/xsxm/CrossProbe.hx: OK
xs-crossmod/xsxm/Faults1.hx: OK
xs-crossmod/xsxm/Faults2.hx: OK
xt-classemit/gen/rust.hxml: OK
xt-classemit/classemit/ClassEmitProbe.hx: OK
xt-oneexc-nofault/gen/rust.hxml: OK
xt-oneexc-nofault/onefaultscope/OneFaultProbe.hx: OK
xt-twoexc-emit/gen/rust.hxml: OK
xt-twoexc-emit/twoemitscope/TwoEmitProbe.hx: OK
xt-twoexc-emit-rev/gen/rust.hxml: OK
xt-twoexc-emit-rev/twoemitrevscope/TwoEmitProbeRev.hx: OK
