probeE/PE.swift:33:26: error: cannot convert value of type 'TiqianArray<Int32>' to closure result type 'ReadOnlyArray<Int32>'
31 |     }
32 |     do {
33 |         return PESources.arr1()
   |                          `- error: cannot convert value of type 'TiqianArray<Int32>' to closure result type 'ReadOnlyArray<Int32>'
34 |     } catch is PEError {
35 |         return PESources.arr2()

probeE/PE.swift:47:30: error: cannot convert value of type 'TiqianArray<Int32>' to closure result type 'ReadOnlyArray<Int32>'
45 |     switch c {
46 |         case .one:
47 |             return PESources.arr1()
   |                              `- error: cannot convert value of type 'TiqianArray<Int32>' to closure result type 'ReadOnlyArray<Int32>'
48 |         case .two:
49 |             return PESources.arr2()

probeE/PE.swift:62:26: error: cannot assign value of type 'TiqianArray<Int32>' to type 'ReadOnlyArray<Int32>'
60 |     let view: ReadOnlyArray<Int32>
61 |     do {
62 |         view = PESources.arr1()
   |                          `- error: cannot assign value of type 'TiqianArray<Int32>' to type 'ReadOnlyArray<Int32>'
63 |     } catch is PEError {
64 |         view = PESources.arr2()

probeE/PE.swift:62:26: error: cannot assign value of type 'TiqianArray<Int32>' to type 'ReadOnlyArray<Int32>'
60 |     let view: ReadOnlyArray<Int32>
61 |     do {
62 |         view = PESources.arr1()
   |                          `- error: cannot assign value of type 'TiqianArray<Int32>' to type 'ReadOnlyArray<Int32>'
63 |     } catch is PEError {
64 |         view = PESources.arr2()

probeE/PE.swift:64:26: error: cannot assign value of type 'TiqianArray<Int32>' to type 'ReadOnlyArray<Int32>'
62 |         view = PESources.arr1()
63 |     } catch is PEError {
64 |         view = PESources.arr2()
   |                          `- error: cannot assign value of type 'TiqianArray<Int32>' to type 'ReadOnlyArray<Int32>'
65 |     } catch {
66 |         throw error
