warning: Git tree '/home/losses/Development/tq-workspace/boring-wt-architecture' is dirty
bun test v1.3.13 (bf2e2cec)

tests/bundle-child-evidence/bundle-child-evidence.test.ts:
275 |  */
276 | function assertRecordClaimsHold(record: EvidenceRecord): void {
277 |   if (record.stdoutPath !== null) {
278 |     expect(record.stdoutAvailable).toBe(true);
279 |     expect(existsSync(record.stdoutPath)).toBe(true);
280 |     expect(readBytes(record.stdoutPath).length).toBe(record.stdoutBytes + 1);
                                                      ^
error: expect(received).toBe(expected)

Expected: 48
Received: 47

      at assertRecordClaimsHold (/home/losses/Development/tq-workspace/boring-wt-architecture/tests/bundle-child-evidence/bundle-child-evidence.test.ts:280:49)
      at <anonymous> (/home/losses/Development/tq-workspace/boring-wt-architecture/tests/bundle-child-evidence/bundle-child-evidence.test.ts:344:7)
(fail) child execution evidence > Driver.step integration > a successful step retains both streams and runs its command once [257.00ms]
275 |  */
276 | function assertRecordClaimsHold(record: EvidenceRecord): void {
277 |   if (record.stdoutPath !== null) {
278 |     expect(record.stdoutAvailable).toBe(true);
279 |     expect(existsSync(record.stdoutPath)).toBe(true);
280 |     expect(readBytes(record.stdoutPath).length).toBe(record.stdoutBytes + 1);
                                                      ^
error: expect(received).toBe(expected)

Expected: 1
Received: 0

      at assertRecordClaimsHold (/home/losses/Development/tq-workspace/boring-wt-architecture/tests/bundle-child-evidence/bundle-child-evidence.test.ts:280:49)
      at <anonymous> (/home/losses/Development/tq-workspace/boring-wt-architecture/tests/bundle-child-evidence/bundle-child-evidence.test.ts:379:7)
(fail) child execution evidence > Driver.step integration > a failing step keeps its status, both streams, and the driver failure exit [74.00ms]
(pass) child execution evidence > Driver.step integration > a failing step keeps the same failure exit without capture [71.00ms]
(pass) child execution evidence > Driver.step integration > without the evidence setting the driver keeps its previous behaviour [276.00ms]
(pass) child execution evidence > Driver.step integration > a capture write failure after a zero exit child fails the driver [258.00ms]
(pass) child execution evidence > Driver.step integration > an evidence parent that is a regular file fails the driver before a run [36.00ms]
(pass) child execution evidence > Driver.step integration > a read only evidence parent fails the driver before any run is created [40.00ms]
(pass) child execution evidence > retained outcome fields > a missing executable claims no stream file and is not a normal exit [104.00ms]
(pass) child execution evidence > retained outcome fields > a command the host refuses to accept raises instead of returning an outcome [45.00ms]
(pass) child execution evidence > retained outcome fields > a working directory that is not a directory keeps the host code of its launch failure [37.00ms]
275 |  */
276 | function assertRecordClaimsHold(record: EvidenceRecord): void {
277 |   if (record.stdoutPath !== null) {
278 |     expect(record.stdoutAvailable).toBe(true);
279 |     expect(existsSync(record.stdoutPath)).toBe(true);
280 |     expect(readBytes(record.stdoutPath).length).toBe(record.stdoutBytes + 1);
                                                      ^
error: expect(received).toBe(expected)

Expected: 23
Received: 22

      at assertRecordClaimsHold (/home/losses/Development/tq-workspace/boring-wt-architecture/tests/bundle-child-evidence/bundle-child-evidence.test.ts:280:49)
      at <anonymous> (/home/losses/Development/tq-workspace/boring-wt-architecture/tests/bundle-child-evidence/bundle-child-evidence.test.ts:617:7)
(fail) child execution evidence > retained outcome fields > a signaled child is distinct from a launch failure and from success [76.00ms]
275 |  */
276 | function assertRecordClaimsHold(record: EvidenceRecord): void {
277 |   if (record.stdoutPath !== null) {
278 |     expect(record.stdoutAvailable).toBe(true);
279 |     expect(existsSync(record.stdoutPath)).toBe(true);
280 |     expect(readBytes(record.stdoutPath).length).toBe(record.stdoutBytes + 1);
                                                      ^
error: expect(received).toBe(expected)

Expected: 22
Received: 21

      at assertRecordClaimsHold (/home/losses/Development/tq-workspace/boring-wt-architecture/tests/bundle-child-evidence/bundle-child-evidence.test.ts:280:49)
      at <anonymous> (/home/losses/Development/tq-workspace/boring-wt-architecture/tests/bundle-child-evidence/bundle-child-evidence.test.ts:630:7)
(fail) child execution evidence > retained outcome fields > a nonzero child keeps its exact status and both streams [61.00ms]
275 |  */
276 | function assertRecordClaimsHold(record: EvidenceRecord): void {
277 |   if (record.stdoutPath !== null) {
278 |     expect(record.stdoutAvailable).toBe(true);
279 |     expect(existsSync(record.stdoutPath)).toBe(true);
280 |     expect(readBytes(record.stdoutPath).length).toBe(record.stdoutBytes + 1);
                                                      ^
error: expect(received).toBe(expected)

Expected: 14
Received: 13

      at assertRecordClaimsHold (/home/losses/Development/tq-workspace/boring-wt-architecture/tests/bundle-child-evidence/bundle-child-evidence.test.ts:280:49)
      at <anonymous> (/home/losses/Development/tq-workspace/boring-wt-architecture/tests/bundle-child-evidence/bundle-child-evidence.test.ts:643:7)
(fail) child execution evidence > retained outcome fields > byte sequences survive including forms that are not valid UTF-8 [77.00ms]
275 |  */
276 | function assertRecordClaimsHold(record: EvidenceRecord): void {
277 |   if (record.stdoutPath !== null) {
278 |     expect(record.stdoutAvailable).toBe(true);
279 |     expect(existsSync(record.stdoutPath)).toBe(true);
280 |     expect(readBytes(record.stdoutPath).length).toBe(record.stdoutBytes + 1);
                                                      ^
error: expect(received).toBe(expected)

Expected: 24577
Received: 24576

      at assertRecordClaimsHold (/home/losses/Development/tq-workspace/boring-wt-architecture/tests/bundle-child-evidence/bundle-child-evidence.test.ts:280:49)
      at <anonymous> (/home/losses/Development/tq-workspace/boring-wt-architecture/tests/bundle-child-evidence/bundle-child-evidence.test.ts:674:7)
(fail) child execution evidence > retained outcome fields > a stream beyond the capture limit keeps its output and is marked incomplete [78.00ms]
275 |  */
276 | function assertRecordClaimsHold(record: EvidenceRecord): void {
277 |   if (record.stdoutPath !== null) {
278 |     expect(record.stdoutAvailable).toBe(true);
279 |     expect(existsSync(record.stdoutPath)).toBe(true);
280 |     expect(readBytes(record.stdoutPath).length).toBe(record.stdoutBytes + 1);
                                                      ^
error: expect(received).toBe(expected)

Expected: 209
Received: 208

      at assertRecordClaimsHold (/home/losses/Development/tq-workspace/boring-wt-architecture/tests/bundle-child-evidence/bundle-child-evidence.test.ts:280:49)
      at <anonymous> (/home/losses/Development/tq-workspace/boring-wt-architecture/tests/bundle-child-evidence/bundle-child-evidence.test.ts:711:7)
(fail) child execution evidence > retained outcome fields > captured and uncaptured children observe the same argv, cwd, and environment [96.00ms]
(pass) child execution evidence > retained outcome fields > repeated runs keep separate records and never reuse an earlier run [156.00ms]
(pass) child execution evidence > retained outcome fields > a same name allocation resolves exclusively and keeps its own identity [40.00ms]
(pass) child execution evidence > retained outcome fields > the production conversion validates each host value it is handed [186.00ms]
(pass) child execution evidence > retained outcome fields > the project identity names the project path and its content [251.00ms]

 12 pass
 7 fail
 169 expect() calls
Ran 19 tests across 1 file. [2.65s]
